// Jest Snapshot v1, https://goo.gl/fbAQLP

exports[`Spinner component matches a snapshot with custom props 1`] = `
<div
  className="loader-container"
  data-jsx={2137335714}
>
  <div
    className="loader"
    data-jsx={2137335714}
    style={
      Object {
        "borderBottom": "solid #fff",
        "borderLeft": "solid #000",
        "borderRight": "solid #fff",
        "borderTop": "solid #000",
        "borderWidth": "1em",
        "height": "50em",
        "width": "50em",
      }
    }
  >
    Loading...
  </div>
  <_class
    css=".loader-container[data-jsx=\\"2137335714\\"]{overflow:hidden}.loader[data-jsx=\\"2137335714\\"],.loader[data-jsx=\\"2137335714\\"]:after{border-radius:50%}.loader[data-jsx=\\"2137335714\\"]{margin:0 auto;position:relative;-webkit-text-indent:-9999em;text-indent:-9999em;-webkit-transform:translateZ(0);-ms-transform:translateZ(0);-webkit-transform:translateZ(0);-ms-transform:translateZ(0);transform:translateZ(0);-webkit-animation:load8 0.8s infinite linear;-webkit-animation:load8datajsx2137335714 0.8s infinite linear;animation:load8datajsx2137335714 0.8s infinite linear}0%[data-jsx=\\"2137335714\\"]{-webkit-transform:rotate(0deg);-webkit-transform:rotate(0deg);-ms-transform:rotate(0deg);transform:rotate(0deg)}100%[data-jsx=\\"2137335714\\"]{-webkit-transform:rotate(360deg);-webkit-transform:rotate(360deg);-ms-transform:rotate(360deg);transform:rotate(360deg)}@-webkit-keyframes load8datajsx2137335714{0%{-webkit-transform:rotate(0deg);-webkit-transform:rotate(0deg);-ms-transform:rotate(0deg);transform:rotate(0deg)}100%{-webkit-transform:rotate(360deg);-webkit-transform:rotate(360deg);-ms-transform:rotate(360deg);transform:rotate(360deg)}}@keyframes load8datajsx2137335714{0%{-webkit-transform:rotate(0deg);-webkit-transform:rotate(0deg);-ms-transform:rotate(0deg);transform:rotate(0deg)}100%{-webkit-transform:rotate(360deg);-webkit-transform:rotate(360deg);-ms-transform:rotate(360deg);transform:rotate(360deg)}}"
    styleId={2137335714}
  />
</div>
`;

exports[`Spinner component matches a snapshot with default props 1`] = `
<div
  className="loader-container"
  data-jsx={2137335714}
>
  <div
    className="loader"
    data-jsx={2137335714}
    style={
      Object {
        "borderBottom": "solid #ddd",
        "borderLeft": "solid #5dc0de",
        "borderRight": "solid #ddd",
        "borderTop": "solid #5dc0de",
        "borderWidth": "0.25em",
        "height": "10em",
        "width": "10em",
      }
    }
  >
    Loading...
  </div>
  <_class
    css=".loader-container[data-jsx=\\"2137335714\\"]{overflow:hidden}.loader[data-jsx=\\"2137335714\\"],.loader[data-jsx=\\"2137335714\\"]:after{border-radius:50%}.loader[data-jsx=\\"2137335714\\"]{margin:0 auto;position:relative;-webkit-text-indent:-9999em;text-indent:-9999em;-webkit-transform:translateZ(0);-ms-transform:translateZ(0);-webkit-transform:translateZ(0);-ms-transform:translateZ(0);transform:translateZ(0);-webkit-animation:load8 0.8s infinite linear;-webkit-animation:load8datajsx2137335714 0.8s infinite linear;animation:load8datajsx2137335714 0.8s infinite linear}0%[data-jsx=\\"2137335714\\"]{-webkit-transform:rotate(0deg);-webkit-transform:rotate(0deg);-ms-transform:rotate(0deg);transform:rotate(0deg)}100%[data-jsx=\\"2137335714\\"]{-webkit-transform:rotate(360deg);-webkit-transform:rotate(360deg);-ms-transform:rotate(360deg);transform:rotate(360deg)}@-webkit-keyframes load8datajsx2137335714{0%{-webkit-transform:rotate(0deg);-webkit-transform:rotate(0deg);-ms-transform:rotate(0deg);transform:rotate(0deg)}100%{-webkit-transform:rotate(360deg);-webkit-transform:rotate(360deg);-ms-transform:rotate(360deg);transform:rotate(360deg)}}@keyframes load8datajsx2137335714{0%{-webkit-transform:rotate(0deg);-webkit-transform:rotate(0deg);-ms-transform:rotate(0deg);transform:rotate(0deg)}100%{-webkit-transform:rotate(360deg);-webkit-transform:rotate(360deg);-ms-transform:rotate(360deg);transform:rotate(360deg)}}"
    styleId={2137335714}
  />
</div>
`;
